// Jest Snapshot v1, https://goo.gl/fbAQLP

exports[`Header should render 1`] = `
<DocumentFragment>
  <header
    class="header"
  >
    Heading
  </header>
</DocumentFragment>
`;
